// Jest Snapshot v1, https://goo.gl/fbAQLP

exports[`index.ts Test 1 - a:[1, 2, 3, 5], b:[1, 4, 5] 1`] = `true`;

exports[`index.ts Test 2 - a:[1, 3, 5], b:[-2, 0, 2, 4, 6] 1`] = `false`;
